compile start 2026-09-03_09:00:02Z
Intel(R) oneAPI DPC++/C++ Compiler 2026.1.1 (2026.1.1.20260724)
Target: x86_64-unknown-linux-gnu
Thread model: posix
InstalledDir: /opt/intel/oneapi/compiler/2026.1/bin/compiler
Configuration file: /opt/intel/oneapi/compiler/2026.1/bin/compiler/../icpx.cfg
dpas_s8xs4_db48.cpp:153:14: warning: 'parallel_for' is deprecated: To specify properties, use a launch configuration object of type launch_config or a kernel functor with a get(sycl::ext::oneapi::experimental::properties_tag) member function instead. [-Wdeprecated-declarations]
  153 |     return q.parallel_for<Name>(
      |              ^
dpas_s8xs4_db48.cpp:308:20: note: in instantiation of function template specialization '(anonymous namespace)::launch<(anonymous namespace)::DpasS8xS4Db48Nt4Name, 4, 8>' requested here
  308 |             return launch<DpasS8xS4Db48Nt4Name, 4, 8>(q, ad, bd, asd, bsd, cd,
      |                    ^
/opt/intel/oneapi/compiler/2026.1/bin/compiler/../../include/sycl/queue.hpp:3232:14: note: 'parallel_for' has been explicitly marked deprecated here
 3232 |       event> parallel_for(nd_range<Dims> Range, PropertiesT Properties,
      |              ^
dpas_s8xs4_db48.cpp:153:14: warning: 'parallel_for<(anonymous namespace)::DpasS8xS4Db48Nt4Name, 2, sycl::ext::oneapi::experimental::properties<sycl::ext::oneapi::experimental::detail::properties_type_list<sycl::ext::oneapi::experimental::property_value<sycl::ext::intel::experimental::grf_size_key, std::integral_constant<unsigned int, 256>>>>, (lambda at dpas_s8xs4_db48.cpp:155:9)>' is deprecated: To specify properties, use a launch configuration object of type launch_config or a kernel functor with a get(sycl::ext::oneapi::experimental::properties_tag) member function instead. [-Wdeprecated-declarations]
  153 |     return q.parallel_for<Name>(
      |              ^
/opt/intel/oneapi/compiler/2026.1/bin/compiler/../../include/sycl/queue.hpp:3225:3: note: 'parallel_for<(anonymous namespace)::DpasS8xS4Db48Nt4Name, 2, sycl::ext::oneapi::experimental::properties<sycl::ext::oneapi::experimental::detail::properties_type_list<sycl::ext::oneapi::experimental::property_value<sycl::ext::intel::experimental::grf_size_key, std::integral_constant<unsigned int, 256>>>>, (lambda at dpas_s8xs4_db48.cpp:155:9)>' has been explicitly marked deprecated here
 3225 |   __SYCL_DEPRECATED("To specify properties, use a launch configuration object "
      |   ^
/opt/intel/oneapi/compiler/2026.1/bin/compiler/../../include/sycl/detail/defines_elementary.hpp:66:38: note: expanded from macro '__SYCL_DEPRECATED'
   66 | #define __SYCL_DEPRECATED(message) [[deprecated(message)]]
      |                                      ^
dpas_s8xs4_db48.cpp:153:14: warning: 'parallel_for' is deprecated: To specify properties, use a launch configuration object of type launch_config or a kernel functor with a get(sycl::ext::oneapi::experimental::properties_tag) member function instead. [-Wdeprecated-declarations]
  153 |     return q.parallel_for<Name>(
      |              ^
dpas_s8xs4_db48.cpp:310:16: note: in instantiation of function template specialization '(anonymous namespace)::launch<(anonymous namespace)::DpasS8xS4Db48Nt2Name, 2, 16>' requested here
  310 |         return launch<DpasS8xS4Db48Nt2Name, 2, 16>(q, ad, bd, asd, bsd, cd,
      |                ^
/opt/intel/oneapi/compiler/2026.1/bin/compiler/../../include/sycl/queue.hpp:3232:14: note: 'parallel_for' has been explicitly marked deprecated here
 3232 |       event> parallel_for(nd_range<Dims> Range, PropertiesT Properties,
      |              ^
dpas_s8xs4_db48.cpp:153:14: warning: 'parallel_for<(anonymous namespace)::DpasS8xS4Db48Nt2Name, 2, sycl::ext::oneapi::experimental::properties<sycl::ext::oneapi::experimental::detail::properties_type_list<sycl::ext::oneapi::experimental::property_value<sycl::ext::intel::experimental::grf_size_key, std::integral_constant<unsigned int, 256>>>>, (lambda at dpas_s8xs4_db48.cpp:155:9)>' is deprecated: To specify properties, use a launch configuration object of type launch_config or a kernel functor with a get(sycl::ext::oneapi::experimental::properties_tag) member function instead. [-Wdeprecated-declarations]
  153 |     return q.parallel_for<Name>(
      |              ^
/opt/intel/oneapi/compiler/2026.1/bin/compiler/../../include/sycl/queue.hpp:3225:3: note: 'parallel_for<(anonymous namespace)::DpasS8xS4Db48Nt2Name, 2, sycl::ext::oneapi::experimental::properties<sycl::ext::oneapi::experimental::detail::properties_type_list<sycl::ext::oneapi::experimental::property_value<sycl::ext::intel::experimental::grf_size_key, std::integral_constant<unsigned int, 256>>>>, (lambda at dpas_s8xs4_db48.cpp:155:9)>' has been explicitly marked deprecated here
 3225 |   __SYCL_DEPRECATED("To specify properties, use a launch configuration object "
      |   ^
/opt/intel/oneapi/compiler/2026.1/bin/compiler/../../include/sycl/detail/defines_elementary.hpp:66:38: note: expanded from macro '__SYCL_DEPRECATED'
   66 | #define __SYCL_DEPRECATED(message) [[deprecated(message)]]
      |                                      ^
dpas_s8xs4_db48.cpp:38:15: warning: unused variable 'kWgN' [-Wunused-const-variable]
   38 | constexpr int kWgN = kWgX;
      |               ^~~~
5 warnings generated.
dpas_s8xs4_db48.cpp:153:14: warning: 'parallel_for' is deprecated: To specify properties, use a launch configuration object of type launch_config or a kernel functor with a get(sycl::ext::oneapi::experimental::properties_tag) member function instead. [-Wdeprecated-declarations]
  153 |     return q.parallel_for<Name>(
      |              ^
dpas_s8xs4_db48.cpp:308:20: note: in instantiation of function template specialization '(anonymous namespace)::launch<(anonymous namespace)::DpasS8xS4Db48Nt4Name, 4, 8>' requested here
  308 |             return launch<DpasS8xS4Db48Nt4Name, 4, 8>(q, ad, bd, asd, bsd, cd,
      |                    ^
/opt/intel/oneapi/compiler/2026.1/bin/compiler/../../include/sycl/queue.hpp:3232:14: note: 'parallel_for' has been explicitly marked deprecated here
 3232 |       event> parallel_for(nd_range<Dims> Range, PropertiesT Properties,
      |              ^
dpas_s8xs4_db48.cpp:153:14: warning: 'parallel_for<(anonymous namespace)::DpasS8xS4Db48Nt4Name, 2, sycl::ext::oneapi::experimental::properties<sycl::ext::oneapi::experimental::detail::properties_type_list<sycl::ext::oneapi::experimental::property_value<sycl::ext::intel::experimental::grf_size_key, std::integral_constant<unsigned int, 256>>>>, (lambda at dpas_s8xs4_db48.cpp:155:9)>' is deprecated: To specify properties, use a launch configuration object of type launch_config or a kernel functor with a get(sycl::ext::oneapi::experimental::properties_tag) member function instead. [-Wdeprecated-declarations]
  153 |     return q.parallel_for<Name>(
      |              ^
/opt/intel/oneapi/compiler/2026.1/bin/compiler/../../include/sycl/queue.hpp:3225:3: note: 'parallel_for<(anonymous namespace)::DpasS8xS4Db48Nt4Name, 2, sycl::ext::oneapi::experimental::properties<sycl::ext::oneapi::experimental::detail::properties_type_list<sycl::ext::oneapi::experimental::property_value<sycl::ext::intel::experimental::grf_size_key, std::integral_constant<unsigned int, 256>>>>, (lambda at dpas_s8xs4_db48.cpp:155:9)>' has been explicitly marked deprecated here
 3225 |   __SYCL_DEPRECATED("To specify properties, use a launch configuration object "
      |   ^
/opt/intel/oneapi/compiler/2026.1/bin/compiler/../../include/sycl/detail/defines_elementary.hpp:66:38: note: expanded from macro '__SYCL_DEPRECATED'
   66 | #define __SYCL_DEPRECATED(message) [[deprecated(message)]]
      |                                      ^
dpas_s8xs4_db48.cpp:153:14: warning: 'parallel_for' is deprecated: To specify properties, use a launch configuration object of type launch_config or a kernel functor with a get(sycl::ext::oneapi::experimental::properties_tag) member function instead. [-Wdeprecated-declarations]
  153 |     return q.parallel_for<Name>(
      |              ^
dpas_s8xs4_db48.cpp:310:16: note: in instantiation of function template specialization '(anonymous namespace)::launch<(anonymous namespace)::DpasS8xS4Db48Nt2Name, 2, 16>' requested here
  310 |         return launch<DpasS8xS4Db48Nt2Name, 2, 16>(q, ad, bd, asd, bsd, cd,
      |                ^
/opt/intel/oneapi/compiler/2026.1/bin/compiler/../../include/sycl/queue.hpp:3232:14: note: 'parallel_for' has been explicitly marked deprecated here
 3232 |       event> parallel_for(nd_range<Dims> Range, PropertiesT Properties,
      |              ^
dpas_s8xs4_db48.cpp:153:14: warning: 'parallel_for<(anonymous namespace)::DpasS8xS4Db48Nt2Name, 2, sycl::ext::oneapi::experimental::properties<sycl::ext::oneapi::experimental::detail::properties_type_list<sycl::ext::oneapi::experimental::property_value<sycl::ext::intel::experimental::grf_size_key, std::integral_constant<unsigned int, 256>>>>, (lambda at dpas_s8xs4_db48.cpp:155:9)>' is deprecated: To specify properties, use a launch configuration object of type launch_config or a kernel functor with a get(sycl::ext::oneapi::experimental::properties_tag) member function instead. [-Wdeprecated-declarations]
  153 |     return q.parallel_for<Name>(
      |              ^
/opt/intel/oneapi/compiler/2026.1/bin/compiler/../../include/sycl/queue.hpp:3225:3: note: 'parallel_for<(anonymous namespace)::DpasS8xS4Db48Nt2Name, 2, sycl::ext::oneapi::experimental::properties<sycl::ext::oneapi::experimental::detail::properties_type_list<sycl::ext::oneapi::experimental::property_value<sycl::ext::intel::experimental::grf_size_key, std::integral_constant<unsigned int, 256>>>>, (lambda at dpas_s8xs4_db48.cpp:155:9)>' has been explicitly marked deprecated here
 3225 |   __SYCL_DEPRECATED("To specify properties, use a launch configuration object "
      |   ^
/opt/intel/oneapi/compiler/2026.1/bin/compiler/../../include/sycl/detail/defines_elementary.hpp:66:38: note: expanded from macro '__SYCL_DEPRECATED'
   66 | #define __SYCL_DEPRECATED(message) [[deprecated(message)]]
      |                                      ^
dpas_s8xs4_db48.cpp:38:15: warning: unused variable 'kWgN' [-Wunused-const-variable]
   38 | constexpr int kWgN = kWgX;
      |               ^~~~
5 warnings generated.
Compilation from IR - skipping loading of FCL
Build succeeded.
COMPILE_OK bin/dpas_s8xs4_db48
-rwxr-xr-x 1 root root 221920 Sep  3 09:00 bin/dpas_s8xs4_db48
